// Jest Snapshot v1, https://goo.gl/fbAQLP

exports[`schema should return panelModes 1`] = `null`;
