// Jest Snapshot v1, https://goo.gl/fbAQLP

exports[`should return wrapper with correct width 1`] = `
.c0 {
  width: 100%;
  height: px;
  background-color: ivory;
}

<div
  className="c0"
/>
`;
