// Jest Snapshot v1, https://goo.gl/fbAQLP

exports[`pc question 1`] = `
Object {
  "evaluation": Object {
    "entity": Object {
      "name": "E",
      "notes": null,
    },
    "locs": Array [
      Object {
        "pos": 0,
        "str": 0,
      },
      Object {
        "pos": 0,
        "str": 5,
      },
      Object {
        "pos": 2,
        "str": 3,
      },
      Object {
        "pos": 5,
        "str": 1,
      },
      Object {
        "pos": 7,
        "str": 4,
      },
      Object {
        "pos": 9,
        "str": 2,
      },
      Object {
        "pos": 12,
        "str": 0,
      },
      Object {
        "pos": 12,
        "str": 5,
      },
    ],
  },
  "panels": Object {
    "answer": Object {
      "choices": Array [
        Object {
          "name": "B",
          "notes": null,
        },
        Object {
          "name": "G",
          "notes": null,
        },
        Object {
          "name": "D",
          "notes": null,
        },
        Object {
          "name": "E",
          "notes": null,
        },
      ],
      "locs": Array [],
    },
    "question": Object {
      "entity": Object {
        "name": "E",
        "notes": null,
      },
      "locs": Array [
        Object {
          "pos": 0,
          "str": 0,
        },
      ],
    },
  },
}
`;

exports[`pitch question 1`] = `
Object {
  "evaluation": Object {
    "entity": Object {
      "name": "E",
      "notes": null,
    },
    "locs": Array [
      Object {
        "pos": 0,
        "str": 0,
      },
      Object {
        "pos": 0,
        "str": 5,
      },
      Object {
        "pos": 2,
        "str": 3,
      },
      Object {
        "pos": 5,
        "str": 1,
      },
      Object {
        "pos": 7,
        "str": 4,
      },
      Object {
        "pos": 9,
        "str": 2,
      },
      Object {
        "pos": 12,
        "str": 0,
      },
      Object {
        "pos": 12,
        "str": 5,
      },
    ],
  },
  "panels": Object {
    "answer": Object {
      "choices": Array [
        Object {
          "name": "B",
          "notes": null,
        },
        Object {
          "name": "G",
          "notes": null,
        },
        Object {
          "name": "D",
          "notes": null,
        },
        Object {
          "name": "E",
          "notes": null,
        },
      ],
      "locs": Array [],
    },
    "question": Object {
      "entity": Object {
        "name": "E",
        "notes": null,
      },
      "locs": Array [
        Object {
          "pos": 0,
          "str": 0,
        },
      ],
    },
  },
}
`;
