// Jest Snapshot v1, https://goo.gl/fbAQLP

exports[`App component, snapshot 1`] = `
<Wrapper>
  <Nav />
  <Route
    component={[Function]}
    exact={true}
    path="/"
  />
  <Route
    component={[Function]}
    exact={true}
    path="/editor"
  />
</Wrapper>
`;
