// Jest Snapshot v1, https://goo.gl/fbAQLP

exports[`EditorPage component, snapshot 1`] = `
<div>
  <Connect(ListEditor) />
</div>
`;
