// Jest Snapshot v1, https://goo.gl/fbAQLP

exports[`Content component, snapshot 1`] = `
<styled.div>
  E2
</styled.div>
`;
