// Jest Snapshot v1, https://goo.gl/fbAQLP

exports[`NutGraphicBoxes component, snapshot 1`] = `<g />`;
