// Jest Snapshot v1, https://goo.gl/fbAQLP

exports[`should check fretboard-theme against snapshot 1`] = `
Object {
  "background": "ivory",
}
`;
